// Jest Snapshot v1, https://goo.gl/fbAQLP

exports[`Should render component 1`] = `
<div
  className="relative"
>
  <div
    className="relative w-full overflow-hidden rounded-lg"
  >
    <button
      className="w-full"
      onClick={[Function]}
    >
      <img
        alt="ingredient"
        className="h-[70px] w-full object-contain object-center"
        src="https://xm-crm-react-exercise-server.herokuapp.com/img/egg.png"
      />
    </button>
  </div>
  <div
    className="relative mt-4 text-center"
  >
    <h3
      className="text-sm font-medium text-gray-900"
    >
      egg
    </h3>
  </div>
</div>
`;
